2026/10/01 13:25:40 INFO mlflow.store.db.utils: Creating initial MLflow database tables...
2026/10/01 13:25:40 INFO mlflow.store.db.utils: Updating database tables
INFO  [alembic.runtime.migration] Context impl SQLiteImpl.
INFO  [alembic.runtime.migration] Will assume non-transactional DDL.
[MLFLOW] Tracking desabilitado (Can't locate revision identified by '1bd49d398cd23').
global_step=564, epoch=1, eval_return=6378.71, eval_length=89, sigma_r=1296.0165
global_step=1283, epoch=2, eval_return=1962.68, eval_length=24, sigma_r=1986.9445
global_step=1814, epoch=3, eval_return=3281.63, eval_length=41, sigma_r=1588.9307
global_step=2437, epoch=4, eval_return=3310.47, eval_length=41, sigma_r=1484.0927
global_step=3116, epoch=5, eval_return=2886.35, eval_length=31, sigma_r=1522.1480
global_step=3826, epoch=6, eval_return=5649.90, eval_length=49, sigma_r=1449.5881
global_step=4405, epoch=7, eval_return=2984.24, eval_length=42, sigma_r=847.5976
global_step=4936, epoch=8, eval_return=2610.14, eval_length=23, sigma_r=2061.5009
global_step=5525, epoch=9, eval_return=4354.98, eval_length=60, sigma_r=1608.4264
global_step=6218, epoch=10, eval_return=4806.27, eval_length=65, sigma_r=1575.9341
global_step=6928, epoch=11, eval_return=3619.84, eval_length=30, sigma_r=1557.3793
global_step=7570, epoch=12, eval_return=3705.25, eval_length=44, sigma_r=1552.5072
global_step=8194, epoch=13, eval_return=6461.22, eval_length=46, sigma_r=1732.9421
global_step=8799, epoch=14, eval_return=2948.61, eval_length=36, sigma_r=1552.6065
global_step=9333, epoch=15, eval_return=1860.46, eval_length=24, sigma_r=1368.5907
global_step=9907, epoch=16, eval_return=4202.62, eval_length=45, sigma_r=1060.4476
global_step=10546, epoch=17, eval_return=3146.41, eval_length=35, sigma_r=1681.3079
global_step=11075, epoch=18, eval_return=4808.43, eval_length=83, sigma_r=1058.7356
global_step=11523, epoch=19, eval_return=5124.76, eval_length=52, sigma_r=694.2305
global_step=12278, epoch=20, eval_return=3180.30, eval_length=30, sigma_r=2239.7860
global_step=13032, epoch=21, eval_return=4036.65, eval_length=62, sigma_r=1755.5966
global_step=13693, epoch=22, eval_return=4069.13, eval_length=47, sigma_r=1358.4069
global_step=14255, epoch=23, eval_return=11116.19, eval_length=75, sigma_r=983.4668
global_step=15037, epoch=24, eval_return=5864.80, eval_length=70, sigma_r=3246.3378
global_step=15729, epoch=25, eval_return=4395.17, eval_length=54, sigma_r=2312.2704
global_step=16190, epoch=26, eval_return=3100.12, eval_length=27, sigma_r=1212.0316
global_step=16651, epoch=27, eval_return=2951.58, eval_length=48, sigma_r=1123.5687
global_step=17386, epoch=28, eval_return=3217.85, eval_length=42, sigma_r=2306.4327
global_step=18168, epoch=29, eval_return=5512.54, eval_length=55, sigma_r=1952.0543
global_step=18883, epoch=30, eval_return=4112.13, eval_length=35, sigma_r=998.3219
global_step=19645, epoch=31, eval_return=2587.07, eval_length=34, sigma_r=3561.1070
global_step=20167, epoch=32, eval_return=4100.16, eval_length=36, sigma_r=1004.5936
global_step=20685, epoch=33, eval_return=3413.18, eval_length=31, sigma_r=1006.4615
global_step=21337, epoch=34, eval_return=2806.02, eval_length=31, sigma_r=2690.9258
global_step=21814, epoch=35, eval_return=1778.27, eval_length=21, sigma_r=657.8968
global_step=22342, epoch=36, eval_return=7867.23, eval_length=73, sigma_r=1424.6606
global_step=22904, epoch=37, eval_return=1882.97, eval_length=25, sigma_r=1732.2853
global_step=23431, epoch=38, eval_return=3856.55, eval_length=30, sigma_r=1184.2516
global_step=23817, epoch=39, eval_return=2135.04, eval_length=24, sigma_r=817.6045
global_step=24270, epoch=40, eval_return=6292.10, eval_length=119, sigma_r=1428.7924
global_step=24804, epoch=41, eval_return=3183.24, eval_length=38, sigma_r=1094.5866
global_step=25228, epoch=42, eval_return=2477.59, eval_length=28, sigma_r=1092.9646
global_step=25723, epoch=43, eval_return=1573.91, eval_length=20, sigma_r=1039.3953
global_step=26131, epoch=44, eval_return=1665.85, eval_length=20, sigma_r=1135.9250
global_step=26606, epoch=45, eval_return=3421.04, eval_length=34, sigma_r=1056.8444
global_step=27074, epoch=46, eval_return=1832.62, eval_length=24, sigma_r=870.4589
global_step=27565, epoch=47, eval_return=2206.10, eval_length=25, sigma_r=1313.1440
global_step=27989, epoch=48, eval_return=1840.79, eval_length=29, sigma_r=830.4818
global_step=28575, epoch=49, eval_return=4801.73, eval_length=49, sigma_r=1474.8881
global_step=29076, epoch=50, eval_return=2457.42, eval_length=27, sigma_r=1195.9728
global_step=29620, epoch=51, eval_return=4270.36, eval_length=41, sigma_r=1386.0996
global_step=30300, epoch=52, eval_return=2263.65, eval_length=27, sigma_r=1923.5262
global_step=30833, epoch=53, eval_return=3945.32, eval_length=36, sigma_r=1456.4900
global_step=31344, epoch=54, eval_return=3931.12, eval_length=33, sigma_r=1429.4782
global_step=32035, epoch=55, eval_return=853.74, eval_length=13, sigma_r=2318.2815
global_step=32688, epoch=56, eval_return=1009.76, eval_length=16, sigma_r=2683.5378
global_step=33269, epoch=57, eval_return=1521.35, eval_length=22, sigma_r=2199.4192
global_step=33787, epoch=58, eval_return=3507.37, eval_length=43, sigma_r=2642.6676
global_step=34285, epoch=59, eval_return=1179.54, eval_length=22, sigma_r=1844.6614
global_step=34858, epoch=60, eval_return=1228.43, eval_length=19, sigma_r=2152.9892
global_step=35285, epoch=61, eval_return=3666.55, eval_length=44, sigma_r=1822.0086
global_step=35788, epoch=62, eval_return=1135.56, eval_length=17, sigma_r=1292.0494
global_step=36336, epoch=63, eval_return=3020.75, eval_length=32, sigma_r=1438.5373
global_step=36769, epoch=64, eval_return=5770.75, eval_length=36, sigma_r=1636.0358
global_step=37378, epoch=65, eval_return=4009.77, eval_length=44, sigma_r=1737.9326
global_step=38076, epoch=66, eval_return=1802.78, eval_length=17, sigma_r=2274.8911
global_step=38661, epoch=67, eval_return=3903.37, eval_length=43, sigma_r=1608.3763
global_step=39350, epoch=68, eval_return=1809.36, eval_length=24, sigma_r=2580.3467
global_step=39957, epoch=69, eval_return=4499.89, eval_length=35, sigma_r=1857.2393
global_step=40444, epoch=70, eval_return=3191.91, eval_length=43, sigma_r=1139.5076
global_step=41228, epoch=71, eval_return=2161.35, eval_length=17, sigma_r=1908.9997
global_step=41766, epoch=72, eval_return=2935.15, eval_length=26, sigma_r=2370.4042
global_step=42249, epoch=73, eval_return=4630.19, eval_length=49, sigma_r=1637.0796
global_step=42711, epoch=74, eval_return=10040.22, eval_length=60, sigma_r=1044.7815
global_step=43251, epoch=75, eval_return=4572.44, eval_length=37, sigma_r=1403.6517
global_step=43850, epoch=76, eval_return=1912.10, eval_length=36, sigma_r=1232.3595
global_step=44383, epoch=77, eval_return=5032.27, eval_length=34, sigma_r=1157.0714
global_step=45102, epoch=78, eval_return=4408.88, eval_length=32, sigma_r=2593.7444
global_step=45739, epoch=79, eval_return=6025.60, eval_length=53, sigma_r=1634.8031
global_step=46478, epoch=80, eval_return=3868.53, eval_length=39, sigma_r=1425.9287
global_step=47021, epoch=81, eval_return=2829.04, eval_length=37, sigma_r=1335.9990
global_step=47677, epoch=82, eval_return=2860.41, eval_length=35, sigma_r=1852.4850
global_step=48281, epoch=83, eval_return=1677.41, eval_length=31, sigma_r=1006.7000
global_step=49022, epoch=84, eval_return=5117.86, eval_length=44, sigma_r=1740.7797
global_step=49651, epoch=85, eval_return=2371.61, eval_length=26, sigma_r=1748.4627
global_step=50177, epoch=86, eval_return=3833.90, eval_length=33, sigma_r=986.3434
global_step=50773, epoch=87, eval_return=8142.71, eval_length=79, sigma_r=1367.9165
global_step=51398, epoch=88, eval_return=4119.18, eval_length=44, sigma_r=1792.9445
global_step=52084, epoch=89, eval_return=4710.81, eval_length=48, sigma_r=3157.5562
global_step=52760, epoch=90, eval_return=7057.92, eval_length=67, sigma_r=1183.3984
global_step=53354, epoch=91, eval_return=2504.19, eval_length=40, sigma_r=1401.7680
global_step=54061, epoch=92, eval_return=4989.30, eval_length=61, sigma_r=1713.0601
global_step=54869, epoch=93, eval_return=2805.94, eval_length=33, sigma_r=2292.1765
global_step=55617, epoch=94, eval_return=2990.75, eval_length=34, sigma_r=2648.2276
global_step=56429, epoch=95, eval_return=2692.04, eval_length=49, sigma_r=1972.8794
global_step=57036, epoch=96, eval_return=2352.08, eval_length=39, sigma_r=1932.5474
global_step=57696, epoch=97, eval_return=2786.29, eval_length=50, sigma_r=1239.6111
global_step=58407, epoch=98, eval_return=2070.10, eval_length=24, sigma_r=2329.2886
global_step=59015, epoch=99, eval_return=1655.55, eval_length=34, sigma_r=1612.2743
global_step=59681, epoch=100, eval_return=3255.91, eval_length=37, sigma_r=2148.8579
global_step=60384, epoch=101, eval_return=3087.62, eval_length=26, sigma_r=1330.4814
[CHECKPOINT] Saved at step 60384 -> checkpoints\ars_evidence\ars_ckpt_60384.pt
Training completed. Total steps: 60384
ARS exit=0
