21:14:55 lock held by pid 45316
01:39:42 machine clear, proceeding
01:39:42 START smoke: PPO 8k steps, then score its checkpoint
01:39:53 DONE  smoke: PPO 8k steps, then score its checkpoint (exit 0)
01:39:53 START smoke: score the PPO checkpoint (loader test)
01:39:57 DONE  smoke: score the PPO checkpoint (loader test) (exit 1)
01:39:57 eval_phase1.py cannot score a PPO checkpoint; aborting before the arms
01:39:57 chain19 aborted
01:40:50 lock held by pid 15616
01:41:50 machine clear, proceeding
01:41:50 START smoke: PPO 8k steps, then score its checkpoint
01:42:02 DONE  smoke: PPO 8k steps, then score its checkpoint (exit 0)
01:42:02 START smoke: score the PPO checkpoint (loader test)
01:42:06 DONE  smoke: score the PPO checkpoint (loader test) (exit 0)
01:42:06 smoke passed: the PPO loader works
01:42:06 START PPO 1M in v9 (n=32)
01:46:48 DONE  PPO 1M in v9 (n=32) (exit 0)
01:46:48 START PPO 1M in fast (n=32)
01:50:52 DONE  PPO 1M in fast (n=32) (exit 0)
01:50:52 START score the PPO v9 arm
01:50:56 DONE  score the PPO v9 arm (exit 0)
01:50:56 START score the PPO fast arm
01:51:00 DONE  score the PPO fast arm (exit 0)
01:51:00 chain19 complete
