Using device: cpu
D:\mujoco-walker\.venv\lib\site-packages\gymnasium\core.py:311: UserWarning: [33mWARN: env.single_observation_space to get variables from other wrappers is deprecated and will be removed in v1.0, to get this variable you can do `env.unwrapped.single_observation_space` for environment variables or `env.get_wrapper_attr('single_observation_space')` that will search the reminding wrappers.[0m
  logger.warn(
D:\mujoco-walker\.venv\lib\site-packages\gymnasium\core.py:311: UserWarning: [33mWARN: env.single_action_space to get variables from other wrappers is deprecated and will be removed in v1.0, to get this variable you can do `env.unwrapped.single_action_space` for environment variables or `env.get_wrapper_attr('single_action_space')` that will search the reminding wrappers.[0m
  logger.warn(
D:\mujoco-walker\.venv\lib\site-packages\gymnasium\core.py:311: UserWarning: [33mWARN: env.single_observation_space to get variables from other wrappers is deprecated and will be removed in v1.0, to get this variable you can do `env.unwrapped.single_observation_space` for environment variables or `env.get_wrapper_attr('single_observation_space')` that will search the reminding wrappers.[0m
  logger.warn(
D:\mujoco-walker\.venv\lib\site-packages\gymnasium\core.py:311: UserWarning: [33mWARN: env.single_action_space to get variables from other wrappers is deprecated and will be removed in v1.0, to get this variable you can do `env.unwrapped.single_action_space` for environment variables or `env.get_wrapper_attr('single_action_space')` that will search the reminding wrappers.[0m
  logger.warn(
2026/10/01 13:17:59 INFO mlflow.store.db.utils: Creating initial MLflow database tables...
2026/10/01 13:17:59 INFO mlflow.store.db.utils: Updating database tables
INFO  [alembic.runtime.migration] Context impl SQLiteImpl.
INFO  [alembic.runtime.migration] Will assume non-transactional DDL.
[MLFLOW] Tracking desabilitado (Can't locate revision identified by '1bd49d398cd23').
global_step=76, episodic_return=1168.62, episodic_length=20
global_step=80, episodic_return=1599.12, episodic_length=21
global_step=128, episodic_return=3002.47, episodic_length=33
global_step=152, episodic_return=5243.98, episodic_length=39
global_step=164, episodic_return=1717.11, episodic_length=22
global_step=192, episodic_return=1756.16, episodic_length=28
global_step=212, episodic_return=1692.44, episodic_length=21
global_step=244, episodic_return=2215.17, episodic_length=23
global_step=276, episodic_return=1836.98, episodic_length=21
global_step=280, episodic_return=1834.22, episodic_length=29
global_step=288, episodic_return=1471.31, episodic_length=19
global_step=392, episodic_return=3267.48, episodic_length=37
global_step=416, episodic_return=2848.52, episodic_length=35
global_step=424, episodic_return=2763.72, episodic_length=36
global_step=480, episodic_return=1334.74, episodic_length=22
global_step=492, episodic_return=6047.59, episodic_length=51
global_step=504, episodic_return=1928.64, episodic_length=22
global_step=568, episodic_return=1715.92, episodic_length=19
global_step=584, episodic_return=1887.53, episodic_length=26
global_step=612, episodic_return=2703.68, episodic_length=27
global_step=628, episodic_return=4357.76, episodic_length=51
global_step=668, episodic_return=2301.35, episodic_length=25
global_step=692, episodic_return=2719.39, episodic_length=27
global_step=736, episodic_return=2398.76, episodic_length=27
global_step=756, episodic_return=1459.28, episodic_length=22
global_step=836, episodic_return=2581.52, episodic_length=36
global_step=840, episodic_return=1394.58, episodic_length=21
global_step=852, episodic_return=1955.73, episodic_length=29
global_step=852, episodic_return=3496.07, episodic_length=60
global_step=932, episodic_return=1858.25, episodic_length=24
global_step=952, episodic_return=2239.48, episodic_length=25
global_step=980, episodic_return=2884.52, episodic_length=32
global_step=988, episodic_return=3645.53, episodic_length=37
global_step=1060, episodic_return=1662.57, episodic_length=20
global_step=1072, episodic_return=3510.42, episodic_length=35
global_step=1088, episodic_return=2801.91, episodic_length=34
global_step=1116, episodic_return=2794.67, episodic_length=32
global_step=1144, episodic_return=1926.25, episodic_length=21
global_step=1168, episodic_return=1800.00, episodic_length=24
global_step=1216, episodic_return=3128.47, episodic_length=32
global_step=1240, episodic_return=1379.30, episodic_length=24
global_step=1272, episodic_return=2713.81, episodic_length=39
global_step=1312, episodic_return=1912.68, episodic_length=24
global_step=1316, episodic_return=4042.30, episodic_length=37
global_step=1356, episodic_return=1471.60, episodic_length=21
global_step=1416, episodic_return=5055.50, episodic_length=44
global_step=1436, episodic_return=1322.79, episodic_length=20
global_step=1488, episodic_return=4383.11, episodic_length=43
global_step=1488, episodic_return=3201.63, episodic_length=44
global_step=1576, episodic_return=2804.23, episodic_length=35
global_step=1576, episodic_return=1608.37, episodic_length=22
global_step=1596, episodic_return=1828.49, episodic_length=27
global_step=1600, episodic_return=6154.05, episodic_length=46
global_step=1652, episodic_return=1241.03, episodic_length=19
global_step=1676, episodic_return=2050.67, episodic_length=25
global_step=1692, episodic_return=1476.57, episodic_length=23
global_step=1704, episodic_return=2854.97, episodic_length=27
global_step=1732, episodic_return=1673.67, episodic_length=20
global_step=1760, episodic_return=1434.97, episodic_length=17
global_step=1784, episodic_return=1419.08, episodic_length=20
global_step=1820, episodic_return=2535.29, episodic_length=36
global_step=1836, episodic_return=2275.00, episodic_length=26
global_step=1872, episodic_return=2579.21, episodic_length=28
global_step=1880, episodic_return=1807.92, episodic_length=24
global_step=1912, episodic_return=1845.92, episodic_length=23
global_step=1972, episodic_return=3259.44, episodic_length=34
global_step=2024, episodic_return=3624.52, episodic_length=38
global_step=2044, episodic_return=2405.82, episodic_length=33
global_step=2048, episodic_return=3050.98, episodic_length=42
global_step=2060, episodic_return=1585.64, episodic_length=22
global_step=2160, episodic_return=2578.97, episodic_length=29
global_step=2200, episodic_return=4548.48, episodic_length=44
global_step=2212, episodic_return=2952.74, episodic_length=38
global_step=2264, episodic_return=4549.49, episodic_length=54
global_step=2308, episodic_return=2304.69, episodic_length=24
global_step=2316, episodic_return=2637.10, episodic_length=39
global_step=2344, episodic_return=2155.49, episodic_length=36
global_step=2368, episodic_return=2632.73, episodic_length=26
global_step=2428, episodic_return=1998.47, episodic_length=21
global_step=2452, episodic_return=2543.86, episodic_length=36
global_step=2480, episodic_return=3964.12, episodic_length=41
global_step=2488, episodic_return=2672.90, episodic_length=30
global_step=2536, episodic_return=2322.45, episodic_length=27
global_step=2548, episodic_return=2273.37, episodic_length=24
global_step=2580, episodic_return=2103.49, episodic_length=23
global_step=2624, episodic_return=1981.76, episodic_length=36
global_step=2640, episodic_return=2734.86, episodic_length=26
global_step=2700, episodic_return=2944.10, episodic_length=38
global_step=2712, episodic_return=2402.11, episodic_length=33
global_step=2748, episodic_return=2809.08, episodic_length=27
global_step=2780, episodic_return=3269.83, episodic_length=39
global_step=2828, episodic_return=2933.11, episodic_length=29
global_step=2844, episodic_return=1549.55, episodic_length=24
global_step=2848, episodic_return=3070.78, episodic_length=37
global_step=2876, episodic_return=1658.85, episodic_length=24
global_step=2900, episodic_return=1026.49, episodic_length=18
global_step=2964, episodic_return=3029.00, episodic_length=29
global_step=2976, episodic_return=1490.37, episodic_length=19
global_step=3004, episodic_return=2341.65, episodic_length=40
global_step=3056, episodic_return=1675.40, episodic_length=23
global_step=3068, episodic_return=4518.00, episodic_length=48
global_step=3148, episodic_return=2793.73, episodic_length=36
global_step=3156, episodic_return=1631.64, episodic_length=22
global_step=3156, episodic_return=2626.79, episodic_length=25
global_step=3192, episodic_return=5155.38, episodic_length=54
global_step=3308, episodic_return=4060.87, episodic_length=38
global_step=3316, episodic_return=3483.34, episodic_length=40
global_step=3332, episodic_return=7205.90, episodic_length=46
global_step=3340, episodic_return=4028.11, episodic_length=37
global_step=3412, episodic_return=1500.03, episodic_length=24
global_step=3416, episodic_return=2640.80, episodic_length=27
global_step=3460, episodic_return=3431.98, episodic_length=32
global_step=3500, episodic_return=1624.11, episodic_length=40
global_step=3508, episodic_return=2552.67, episodic_length=23
global_step=3548, episodic_return=1249.58, episodic_length=22
global_step=3552, episodic_return=3087.64, episodic_length=35
global_step=3600, episodic_return=1701.92, episodic_length=25
global_step=3612, episodic_return=2268.36, episodic_length=26
global_step=3656, episodic_return=2263.59, episodic_length=26
global_step=3688, episodic_return=1524.41, episodic_length=22
global_step=3704, episodic_return=2335.02, episodic_length=23
global_step=3736, episodic_return=6083.79, episodic_length=47
global_step=3744, episodic_return=1643.14, episodic_length=22
global_step=3796, episodic_return=2769.76, episodic_length=27
global_step=3804, episodic_return=3034.84, episodic_length=25
global_step=3844, episodic_return=1908.99, episodic_length=27
global_step=3884, episodic_return=4717.74, episodic_length=35
global_step=3932, episodic_return=1427.45, episodic_length=22
global_step=3936, episodic_return=2978.80, episodic_length=33
global_step=3956, episodic_return=3554.80, episodic_length=40
global_step=3980, episodic_return=1996.74, episodic_length=24
global_step=4048, episodic_return=2234.78, episodic_length=29
global_step=4072, episodic_return=3945.41, episodic_length=34
global_step=4112, episodic_return=3121.42, episodic_length=39
global_step=4120, episodic_return=3271.58, episodic_length=35
global_step=4140, episodic_return=1636.12, episodic_length=23
global_step=4192, episodic_return=2173.19, episodic_length=30
global_step=4228, episodic_return=1991.48, episodic_length=27
global_step=4252, episodic_return=2696.63, episodic_length=28
global_step=4276, episodic_return=3105.43, episodic_length=41
global_step=4340, episodic_return=4774.18, episodic_length=37
global_step=4364, episodic_return=3429.08, episodic_length=28
global_step=4384, episodic_return=3328.09, episodic_length=39
global_step=4456, episodic_return=1571.85, episodic_length=23
global_step=4460, episodic_return=6411.61, episodic_length=46
global_step=4476, episodic_return=1835.06, episodic_length=23
global_step=4524, episodic_return=5002.38, episodic_length=46
global_step=4572, episodic_return=2334.69, episodic_length=24
global_step=4600, episodic_return=3860.99, episodic_length=36
global_step=4608, episodic_return=1810.78, episodic_length=21
global_step=4652, episodic_return=5867.54, episodic_length=48
global_step=4656, episodic_return=1491.29, episodic_length=21
global_step=4700, episodic_return=1802.27, episodic_length=23
global_step=4704, episodic_return=2074.99, episodic_length=26
global_step=4788, episodic_return=1715.36, episodic_length=22
global_step=4796, episodic_return=2043.89, episodic_length=36
global_step=4812, episodic_return=3899.52, episodic_length=39
global_step=4876, episodic_return=4163.42, episodic_length=43
global_step=4944, episodic_return=5158.72, episodic_length=39
global_step=4964, episodic_return=3477.10, episodic_length=38
global_step=4996, episodic_return=5887.23, episodic_length=50
global_step=5028, episodic_return=3114.79, episodic_length=38
global_step=5064, episodic_return=2058.37, episodic_length=25
global_step=5084, episodic_return=1710.42, episodic_length=35
global_step=5112, episodic_return=3063.40, episodic_length=29
global_step=5172, episodic_return=3172.10, episodic_length=36
global_step=5180, episodic_return=2346.37, episodic_length=24
global_step=5180, episodic_return=2353.66, episodic_length=29
global_step=5180, episodic_return=1677.26, episodic_length=17
global_step=5228, episodic_return=1506.97, episodic_length=12
global_step=5228, episodic_return=989.56, episodic_length=12
global_step=5236, episodic_return=1574.50, episodic_length=16
global_step=5240, episodic_return=1079.87, episodic_length=15
global_step=5288, episodic_return=1698.36, episodic_length=15
global_step=5288, episodic_return=1142.41, episodic_length=12
global_step=5292, episodic_return=1408.63, episodic_length=16
global_step=5316, episodic_return=1333.76, episodic_length=20
global_step=5348, episodic_return=1166.53, episodic_length=14
global_step=5348, episodic_return=1273.32, episodic_length=15
global_step=5352, episodic_return=1323.22, episodic_length=16
global_step=5372, episodic_return=1475.40, episodic_length=14
global_step=5404, episodic_return=970.08, episodic_length=13
global_step=5420, episodic_return=1525.96, episodic_length=18
global_step=5420, episodic_return=1847.29, episodic_length=18
global_step=5440, episodic_return=1481.87, episodic_length=17
global_step=5468, episodic_return=1500.39, episodic_length=16
global_step=5476, episodic_return=1159.95, episodic_length=14
global_step=5492, episodic_return=1430.47, episodic_length=18
global_step=5504, episodic_return=1223.11, episodic_length=16
global_step=5532, episodic_return=1501.17, episodic_length=14
global_step=5536, episodic_return=1652.19, episodic_length=17
global_step=5552, episodic_return=1159.91, episodic_length=12
global_step=5552, episodic_return=1277.02, episodic_length=15
global_step=5584, episodic_return=1652.70, episodic_length=13
global_step=5596, episodic_return=971.59, episodic_length=15
global_step=5608, episodic_return=1727.56, episodic_length=14
global_step=5612, episodic_return=1362.70, episodic_length=15
global_step=5652, episodic_return=1806.44, episodic_length=17
global_step=5656, episodic_return=1427.69, episodic_length=15
global_step=5676, episodic_return=1468.04, episodic_length=16
global_step=5680, episodic_return=1612.21, episodic_length=18
global_step=5704, episodic_return=1234.54, episodic_length=13
global_step=5720, episodic_return=1710.73, episodic_length=16
global_step=5736, episodic_return=1187.01, episodic_length=14
global_step=5744, episodic_return=1594.52, episodic_length=17
global_step=5764, episodic_return=1733.23, episodic_length=15
global_step=5768, episodic_return=1202.79, episodic_length=12
global_step=5792, episodic_return=1410.12, episodic_length=14
global_step=5812, episodic_return=1272.44, episodic_length=17
global_step=5816, episodic_return=1358.46, episodic_length=13
global_step=5836, episodic_return=1346.24, episodic_length=17
global_step=5852, episodic_return=1149.99, episodic_length=15
global_step=5880, episodic_return=1731.94, episodic_length=16
global_step=5880, episodic_return=1626.24, episodic_length=17
global_step=5916, episodic_return=1284.26, episodic_length=20
global_step=5940, episodic_return=1700.10, episodic_length=15
global_step=5940, episodic_return=1673.85, episodic_length=15
global_step=5952, episodic_return=1698.84, episodic_length=25
global_step=5964, episodic_return=1355.72, episodic_length=12
global_step=5996, episodic_return=1409.39, episodic_length=14
global_step=6016, episodic_return=1324.20, episodic_length=13
global_step=6028, episodic_return=1442.89, episodic_length=19
global_step=6040, episodic_return=1407.56, episodic_length=25
global_step=6068, episodic_return=1451.25, episodic_length=13
global_step=6076, episodic_return=1269.23, episodic_length=12
global_step=6084, episodic_return=1471.66, episodic_length=22
global_step=6100, episodic_return=1428.71, episodic_length=15
global_step=6132, episodic_return=1585.44, episodic_length=16
global_step=6144, episodic_return=1754.66, episodic_length=17
global_step=6156, episodic_return=1450.49, episodic_length=18
global_step=6156, episodic_return=1518.39, episodic_length=14
global_step=6192, episodic_return=1366.42, episodic_length=12
global_step=6204, episodic_return=1093.35, episodic_length=12
global_step=6212, episodic_return=1478.74, episodic_length=14
global_step=6248, episodic_return=1025.17, episodic_length=14
global_step=6256, episodic_return=1396.84, episodic_length=13
global_step=6260, episodic_return=1651.29, episodic_length=32
global_step=6268, episodic_return=993.83, episodic_length=14
global_step=6304, episodic_return=1662.95, episodic_length=14
global_step=6312, episodic_return=1163.01, episodic_length=13
global_step=6332, episodic_return=1447.91, episodic_length=16
global_step=6332, episodic_return=1694.35, episodic_length=19
global_step=6360, episodic_return=1308.81, episodic_length=14
global_step=6360, episodic_return=1187.25, episodic_length=12
global_step=6392, episodic_return=1107.21, episodic_length=15
global_step=6400, episodic_return=1509.42, episodic_length=17
global_step=6412, episodic_return=1321.69, episodic_length=13
global_step=6432, episodic_return=1761.11, episodic_length=18
global_step=6448, episodic_return=1333.14, episodic_length=14
global_step=6452, episodic_return=1379.69, episodic_length=13
global_step=6484, episodic_return=1625.87, episodic_length=18
global_step=6488, episodic_return=1702.10, episodic_length=14
global_step=6504, episodic_return=1280.94, episodic_length=13
global_step=6508, episodic_return=1339.37, episodic_length=15
global_step=6532, episodic_return=1268.52, episodic_length=12
global_step=6544, episodic_return=1668.35, episodic_length=14
global_step=6548, episodic_return=778.90, episodic_length=11
global_step=6576, episodic_return=1402.32, episodic_length=17
global_step=6580, episodic_return=1388.58, episodic_length=12
global_step=6592, episodic_return=1140.54, episodic_length=12
global_step=6624, episodic_return=1573.48, episodic_length=19
global_step=6632, episodic_return=1758.32, episodic_length=13
global_step=6652, episodic_return=1400.83, episodic_length=15
global_step=6656, episodic_return=1429.97, episodic_length=20
global_step=6684, episodic_return=1319.65, episodic_length=13
global_step=6688, episodic_return=1654.10, episodic_length=16
global_step=6716, episodic_return=1618.54, episodic_length=15
global_step=6720, episodic_return=1463.29, episodic_length=17
global_step=6760, episodic_return=1615.48, episodic_length=18
global_step=6768, episodic_return=1479.52, episodic_length=21
global_step=6776, episodic_return=959.66, episodic_length=15
global_step=6784, episodic_return=1411.38, episodic_length=16
global_step=6812, episodic_return=1482.08, episodic_length=13
global_step=6828, episodic_return=1417.22, episodic_length=13
global_step=6832, episodic_return=1618.94, episodic_length=12
global_step=6860, episodic_return=1573.99, episodic_length=23
global_step=6864, episodic_return=1334.68, episodic_length=13
global_step=6884, episodic_return=1388.54, episodic_length=13
global_step=6888, episodic_return=1376.12, episodic_length=15
global_step=6920, episodic_return=1520.25, episodic_length=14
global_step=6928, episodic_return=1512.19, episodic_length=17
global_step=6936, episodic_return=1348.63, episodic_length=13
global_step=6936, episodic_return=1199.38, episodic_length=12
global_step=6976, episodic_return=1059.20, episodic_length=14
global_step=6980, episodic_return=1591.22, episodic_length=13
global_step=6980, episodic_return=1327.42, episodic_length=11
global_step=6984, episodic_return=1300.47, episodic_length=12
global_step=7024, episodic_return=1377.88, episodic_length=12
global_step=7028, episodic_return=1493.30, episodic_length=12
global_step=7036, episodic_return=1153.20, episodic_length=13
global_step=7036, episodic_return=1471.04, episodic_length=14
global_step=7080, episodic_return=1554.44, episodic_length=14
global_step=7092, episodic_return=1153.16, episodic_length=14
global_step=7096, episodic_return=1700.12, episodic_length=17
global_step=7104, episodic_return=1509.60, episodic_length=17
global_step=7140, episodic_return=1323.33, episodic_length=15
global_step=7148, episodic_return=1414.90, episodic_length=13
global_step=7148, episodic_return=1458.71, episodic_length=14
global_step=7172, episodic_return=1562.11, episodic_length=17
global_step=7192, episodic_return=1231.61, episodic_length=13
global_step=7212, episodic_return=1375.47, episodic_length=16
global_step=7216, episodic_return=1338.21, episodic_length=17
global_step=7228, episodic_return=1382.07, episodic_length=14
global_step=7244, episodic_return=1260.38, episodic_length=13
global_step=7272, episodic_return=1396.37, episodic_length=14
global_step=7276, episodic_return=1553.76, episodic_length=12
global_step=7276, episodic_return=1348.19, episodic_length=16
global_step=7308, episodic_return=1322.32, episodic_length=16
global_step=7324, episodic_return=943.34, episodic_length=12
global_step=7328, episodic_return=1483.10, episodic_length=14
global_step=7332, episodic_return=981.86, episodic_length=14
global_step=7360, episodic_return=1507.44, episodic_length=13
global_step=7380, episodic_return=1583.55, episodic_length=14
global_step=7384, episodic_return=1531.38, episodic_length=13
global_step=7384, episodic_return=1355.21, episodic_length=14
global_step=7420, episodic_return=1597.62, episodic_length=15
global_step=7440, episodic_return=1635.74, episodic_length=14
global_step=7448, episodic_return=1652.40, episodic_length=16
global_step=7452, episodic_return=1551.28, episodic_length=18
global_step=7484, episodic_return=1522.15, episodic_length=16
global_step=7504, episodic_return=1436.17, episodic_length=13
global_step=7512, episodic_return=1362.96, episodic_length=18
global_step=7516, episodic_return=1564.88, episodic_length=17
global_step=7556, episodic_return=1092.85, episodic_length=13
global_step=7576, episodic_return=1495.40, episodic_length=16
global_step=7608, episodic_return=1584.41, episodic_length=23
global_step=7608, episodic_return=1637.86, episodic_length=13
global_step=7628, episodic_return=1359.39, episodic_length=36
global_step=7632, episodic_return=1326.71, episodic_length=14
global_step=7672, episodic_return=1513.67, episodic_length=16
global_step=7688, episodic_return=1564.65, episodic_length=15
global_step=7692, episodic_return=1761.85, episodic_length=21
global_step=7712, episodic_return=1533.79, episodic_length=20
global_step=7724, episodic_return=1595.97, episodic_length=13
global_step=7752, episodic_return=1515.58, episodic_length=16
global_step=7764, episodic_return=1488.90, episodic_length=18
global_step=7768, episodic_return=1297.58, episodic_length=14
global_step=7784, episodic_return=1561.85, episodic_length=15
global_step=7820, episodic_return=1248.52, episodic_length=13
global_step=7820, episodic_return=1294.23, episodic_length=17
global_step=7836, episodic_return=1514.34, episodic_length=18
global_step=7840, episodic_return=1560.42, episodic_length=14
global_step=7872, episodic_return=1034.93, episodic_length=13
global_step=7880, episodic_return=1592.88, episodic_length=15
global_step=7888, episodic_return=1603.90, episodic_length=13
global_step=7896, episodic_return=1395.44, episodic_length=14
global_step=7924, episodic_return=1230.04, episodic_length=13
global_step=7936, episodic_return=1318.95, episodic_length=14
global_step=7944, episodic_return=1526.10, episodic_length=14
global_step=7944, episodic_return=1101.51, episodic_length=12
global_step=7976, episodic_return=1366.46, episodic_length=13
D:\mujoco-walker\.venv\lib\site-packages\gymnasium\core.py:311: UserWarning: [33mWARN: env.obs_rms to get variables from other wrappers is deprecated and will be removed in v1.0, to get this variable you can do `env.unwrapped.obs_rms` for environment variables or `env.get_wrapper_attr('obs_rms')` that will search the reminding wrappers.[0m
  logger.warn(
[CHECKPOINT] Saved at step 8000 -> checkpoints\dreamer_smoke\dreamer_ckpt_8000.pt
Training completed. Total steps: 8000
