GPU window: NVIDIA GeForce RTX 4070 Laptop GPU driver 556.29, 531/8188 MiB in use by 5 other CUDA contexts
[GPU] GPU window is clear (531 MiB held by 5 others)
Using device: cuda
[DREAMER] update: captured CUDA graph (auto for device=cuda)
python.exe : D:\mujoco-walker\.venv\Lib\site-packages\gymnasium\core.py:311: UserWarning: [33mWARN: 
env.single_observation_space to get variables from other wrappers is deprecated and will be removed in v1.0, to get 
this variable you can do `env.unwrapped.single_observation_space` for environment variables or 
`env.get_wrapper_attr('single_observation_space')` that will search the reminding wrappers.[0m
No C:\Users\Acer\AppData\Local\Temp\chain3_learning.ps1:9 caractere:1
+ & $py -u train_dreamer.py --run-id dreamer_n16_250k --seed 7 --total- ...
+ ~~~~~~~~~~~~~~~~~~~~~~~~~~~~~~~~~~~~~~~~~~~~~~~~~~~~~~~~~~~~~~~~~~~~~
    + CategoryInfo          : NotSpecified: (D:\mujoco-walke...g wrappers.[0m:String) [], RemoteException
    + FullyQualifiedErrorId : NativeCommandError
 
  logger.warn(
D:\mujoco-walker\.venv\Lib\site-packages\gymnasium\core.py:311: UserWarning: [33mWARN: env.single_action_space to get 
variables from other wrappers is deprecated and will be removed in v1.0, to get this variable you can do 
`env.unwrapped.single_action_space` for environment variables or `env.get_wrapper_attr('single_action_space')` that 
will search the reminding wrappers.[0m
  logger.warn(
D:\mujoco-walker\.venv\Lib\site-packages\gymnasium\core.py:311: UserWarning: [33mWARN: env.single_observation_space 
to get variables from other wrappers is deprecated and will be removed in v1.0, to get this variable you can do 
`env.unwrapped.single_observation_space` for environment variables or 
`env.get_wrapper_attr('single_observation_space')` that will search the reminding wrappers.[0m
  logger.warn(
D:\mujoco-walker\.venv\Lib\site-packages\gymnasium\core.py:311: UserWarning: [33mWARN: env.single_action_space to get 
variables from other wrappers is deprecated and will be removed in v1.0, to get this variable you can do 
`env.unwrapped.single_action_space` for environment variables or `env.get_wrapper_attr('single_action_space')` that 
will search the reminding wrappers.[0m
  logger.warn(
2026/10/04 20:03:28 INFO mlflow.store.db.utils: Creating initial MLflow database tables...
2026/10/04 20:03:28 INFO mlflow.store.db.utils: Updating database tables
2026/10/04 20:03:29 INFO mlflow.tracking.fluent: Experiment with name 'walker-ragdoll' does not exist. Creating a new 
experiment.
global_step=336, episodic_return=1701.40, episodic_length=22
global_step=352, episodic_return=1926.68, episodic_length=23
global_step=448, episodic_return=3451.41, episodic_length=29
global_step=624, episodic_return=4170.80, episodic_length=40
global_step=880, episodic_return=2334.98, episodic_length=27
global_step=7968, episodic_return=3197.45, episodic_length=499
global_step=8064, episodic_return=3795.32, episodic_length=505
global_step=8160, episodic_return=2982.88, episodic_length=511
global_step=9216, episodic_return=5866.60, episodic_length=66
global_step=15984, episodic_return=3477.24, episodic_length=1000
global_step=15984, episodic_return=3860.83, episodic_length=1000
global_step=15984, episodic_return=1826.91, episodic_length=1000
global_step=15984, episodic_return=-1628.70, episodic_length=1000
global_step=15984, episodic_return=1571.43, episodic_length=1000
global_step=15984, episodic_return=743.38, episodic_length=1000
global_step=15984, episodic_return=5264.60, episodic_length=1000
global_step=15984, episodic_return=166.46, episodic_length=1000
global_step=15984, episodic_return=1719.20, episodic_length=1000
global_step=16336, episodic_return=32.01, episodic_length=1000
global_step=16352, episodic_return=1812.56, episodic_length=1000
global_step=16624, episodic_return=2098.90, episodic_length=1000
global_step=16880, episodic_return=2408.78, episodic_length=1000
global_step=23968, episodic_return=979.40, episodic_length=1000
global_step=24064, episodic_return=4414.82, episodic_length=1000
global_step=25216, episodic_return=1611.65, episodic_length=1000
global_step=31984, episodic_return=1343.83, episodic_length=1000
global_step=31984, episodic_return=2030.30, episodic_length=1000
global_step=31984, episodic_return=1226.09, episodic_length=1000
global_step=31984, episodic_return=1123.83, episodic_length=1000
global_step=31984, episodic_return=1643.11, episodic_length=1000
global_step=31984, episodic_return=2333.28, episodic_length=1000
global_step=31984, episodic_return=1201.44, episodic_length=1000
global_step=31984, episodic_return=1604.91, episodic_length=1000
global_step=31984, episodic_return=794.29, episodic_length=1000
global_step=32272, episodic_return=2793.02, episodic_length=18
global_step=32336, episodic_return=3600.13, episodic_length=22
global_step=32336, episodic_return=-7783.48, episodic_length=1000
global_step=32352, episodic_return=1758.25, episodic_length=1000
global_step=32624, episodic_return=1479.29, episodic_length=1000
global_step=32704, episodic_return=3614.20, episodic_length=22
global_step=32880, episodic_return=3029.87, episodic_length=1000
global_step=33360, episodic_return=5948.64, episodic_length=41
global_step=33632, episodic_return=8827.83, episodic_length=85
global_step=39968, episodic_return=1978.77, episodic_length=1000
global_step=40064, episodic_return=2072.22, episodic_length=1000
global_step=41216, episodic_return=2267.61, episodic_length=1000
global_step=47984, episodic_return=2453.30, episodic_length=1000
global_step=47984, episodic_return=1835.66, episodic_length=1000
global_step=47984, episodic_return=3513.81, episodic_length=1000
global_step=47984, episodic_return=1548.68, episodic_length=1000
global_step=47984, episodic_return=3104.39, episodic_length=1000
global_step=47984, episodic_return=1276.73, episodic_length=1000
global_step=47984, episodic_return=3577.43, episodic_length=1000
global_step=48272, episodic_return=1068.88, episodic_length=18
global_step=48288, episodic_return=1208.33, episodic_length=19
global_step=48336, episodic_return=895.98, episodic_length=1000
global_step=48336, episodic_return=1850.14, episodic_length=1000
global_step=48416, episodic_return=1896.28, episodic_length=27
global_step=48624, episodic_return=2609.16, episodic_length=1000
global_step=48880, episodic_return=2057.95, episodic_length=1000
global_step=49360, episodic_return=2592.40, episodic_length=1000
global_step=49632, episodic_return=3257.19, episodic_length=1000
D:\mujoco-walker\.venv\Lib\site-packages\gymnasium\core.py:311: UserWarning: [33mWARN: env.obs_rms to get variables 
from other wrappers is deprecated and will be removed in v1.0, to get this variable you can do `env.unwrapped.obs_rms` 
for environment variables or `env.get_wrapper_attr('obs_rms')` that will search the reminding wrappers.[0m
  logger.warn(
[CHECKPOINT] Saved at step 50000 -> checkpoints\dreamer_n16_250k\dreamer_ckpt_50000.pt
global_step=55968, episodic_return=1491.93, episodic_length=1000
global_step=56064, episodic_return=1538.83, episodic_length=1000
global_step=57216, episodic_return=1238.14, episodic_length=1000
global_step=57392, episodic_return=828.70, episodic_length=11
global_step=63984, episodic_return=667.01, episodic_length=1000
global_step=63984, episodic_return=3454.81, episodic_length=1000
global_step=63984, episodic_return=3496.50, episodic_length=1000
global_step=63984, episodic_return=702.56, episodic_length=1000
global_step=64272, episodic_return=1385.16, episodic_length=1000
global_step=64288, episodic_return=2257.69, episodic_length=1000
global_step=64336, episodic_return=3576.83, episodic_length=1000
global_step=64336, episodic_return=1823.29, episodic_length=1000
global_step=64416, episodic_return=3555.57, episodic_length=1000
global_step=64624, episodic_return=1050.45, episodic_length=1000
global_step=64704, episodic_return=893.35, episodic_length=18
global_step=64880, episodic_return=-6651.02, episodic_length=1000
global_step=65360, episodic_return=1467.90, episodic_length=1000
global_step=65632, episodic_return=2543.68, episodic_length=1000
global_step=71968, episodic_return=2829.69, episodic_length=1000
global_step=72064, episodic_return=2805.57, episodic_length=1000
global_step=73392, episodic_return=2040.77, episodic_length=1000
global_step=79984, episodic_return=1761.77, episodic_length=1000
global_step=79984, episodic_return=4395.36, episodic_length=1000
global_step=79984, episodic_return=4197.73, episodic_length=1000
global_step=79984, episodic_return=6188.01, episodic_length=1000
global_step=80160, episodic_return=469.25, episodic_length=11
global_step=80272, episodic_return=4430.92, episodic_length=1000
global_step=80288, episodic_return=3429.61, episodic_length=1000
global_step=80336, episodic_return=4315.30, episodic_length=1000
global_step=80336, episodic_return=3548.01, episodic_length=1000
global_step=80432, episodic_return=481.19, episodic_length=10
global_step=80576, episodic_return=312.58, episodic_length=9
global_step=80624, episodic_return=-5282.40, episodic_length=1000
global_step=80704, episodic_return=2916.10, episodic_length=1000
global_step=80880, episodic_return=2883.73, episodic_length=1000
global_step=80880, episodic_return=1188.28, episodic_length=19
global_step=81168, episodic_return=1480.48, episodic_length=18
global_step=81360, episodic_return=5175.67, episodic_length=1000
global_step=81632, episodic_return=2420.24, episodic_length=1000
global_step=87968, episodic_return=1694.22, episodic_length=1000
global_step=88064, episodic_return=6496.15, episodic_length=1000
global_step=89392, episodic_return=-4496.81, episodic_length=1000
global_step=95984, episodic_return=5169.84, episodic_length=1000
global_step=95984, episodic_return=-5407.25, episodic_length=1000
global_step=95984, episodic_return=880.91, episodic_length=1000
global_step=96144, episodic_return=487.81, episodic_length=10
global_step=96160, episodic_return=3221.60, episodic_length=1000
global_step=96288, episodic_return=919.33, episodic_length=1000
global_step=96336, episodic_return=711.33, episodic_length=1000
global_step=96336, episodic_return=4877.42, episodic_length=1000
global_step=96624, episodic_return=785.25, episodic_length=1000
global_step=96704, episodic_return=-6110.74, episodic_length=1000
global_step=96880, episodic_return=690.03, episodic_length=1000
global_step=97168, episodic_return=1330.77, episodic_length=1000
global_step=97360, episodic_return=1143.45, episodic_length=1000
global_step=97632, episodic_return=-2789.61, episodic_length=1000
[CHECKPOINT] Saved at step 100000 -> checkpoints\dreamer_n16_250k\dreamer_ckpt_100000.pt
global_step=103968, episodic_return=-6102.24, episodic_length=1000
global_step=104064, episodic_return=1133.37, episodic_length=1000
global_step=105392, episodic_return=-5759.32, episodic_length=1000
global_step=111984, episodic_return=-7388.20, episodic_length=1000
global_step=111984, episodic_return=-5069.37, episodic_length=1000
global_step=112144, episodic_return=-1142.62, episodic_length=1000
global_step=112160, episodic_return=-6230.43, episodic_length=1000
global_step=112288, episodic_return=2962.70, episodic_length=1000
global_step=112336, episodic_return=4011.75, episodic_length=1000
global_step=112336, episodic_return=2410.77, episodic_length=1000
global_step=112384, episodic_return=1808.55, episodic_length=25
global_step=112432, episodic_return=1447.67, episodic_length=18
global_step=112480, episodic_return=1332.57, episodic_length=20
global_step=112624, episodic_return=3043.00, episodic_length=1000
global_step=112624, episodic_return=904.60, episodic_length=15
global_step=112656, episodic_return=1033.85, episodic_length=20
global_step=112704, episodic_return=773.96, episodic_length=1000
global_step=112848, episodic_return=1907.07, episodic_length=26
global_step=112880, episodic_return=3452.54, episodic_length=1000
global_step=113168, episodic_return=1753.69, episodic_length=1000
global_step=113360, episodic_return=4149.78, episodic_length=1000
global_step=113632, episodic_return=894.49, episodic_length=1000
global_step=118832, episodic_return=4492.46, episodic_length=325
global_step=119968, episodic_return=-7966.89, episodic_length=1000
global_step=120064, episodic_return=2864.84, episodic_length=1000
global_step=121392, episodic_return=8781.41, episodic_length=1000
global_step=122848, episodic_return=3023.35, episodic_length=180
global_step=127984, episodic_return=6706.59, episodic_length=1000
global_step=128288, episodic_return=4810.66, episodic_length=1000
global_step=128336, episodic_return=4309.82, episodic_length=1000
global_step=128480, episodic_return=5564.13, episodic_length=1000
global_step=128624, episodic_return=1576.90, episodic_length=1000
global_step=128624, episodic_return=4562.51, episodic_length=1000
global_step=128656, episodic_return=7177.90, episodic_length=1000
global_step=128704, episodic_return=5553.96, episodic_length=1000
global_step=128848, episodic_return=2664.08, episodic_length=1000
global_step=128880, episodic_return=12924.89, episodic_length=1000
global_step=128944, episodic_return=1319.57, episodic_length=18
global_step=129168, episodic_return=-1060.65, episodic_length=1000
global_step=129360, episodic_return=-1572.09, episodic_length=1000
global_step=129616, episodic_return=3105.45, episodic_length=62
global_step=134832, episodic_return=12375.69, episodic_length=1000
global_step=136064, episodic_return=3346.87, episodic_length=1000
global_step=137392, episodic_return=2098.25, episodic_length=1000
global_step=138848, episodic_return=6335.39, episodic_length=1000
global_step=143984, episodic_return=4376.68, episodic_length=1000
global_step=144288, episodic_return=2884.66, episodic_length=1000
global_step=144336, episodic_return=3834.39, episodic_length=1000
global_step=144480, episodic_return=3059.44, episodic_length=1000
global_step=144624, episodic_return=1775.40, episodic_length=1000
global_step=144704, episodic_return=5200.66, episodic_length=1000
global_step=144848, episodic_return=6201.62, episodic_length=1000
global_step=144880, episodic_return=6049.52, episodic_length=1000
global_step=144944, episodic_return=5116.03, episodic_length=1000
global_step=145168, episodic_return=4858.56, episodic_length=1000
global_step=145248, episodic_return=3602.54, episodic_length=39
global_step=145360, episodic_return=5551.27, episodic_length=1000
global_step=145616, episodic_return=3291.65, episodic_length=1000
global_step=145792, episodic_return=2750.52, episodic_length=39
[CHECKPOINT] Saved at step 150000 -> checkpoints\dreamer_n16_250k\dreamer_ckpt_150000.pt
global_step=150832, episodic_return=-330.70, episodic_length=1000
global_step=152064, episodic_return=3328.22, episodic_length=1000
global_step=153392, episodic_return=2695.11, episodic_length=1000
global_step=153808, episodic_return=1753.01, episodic_length=26
global_step=154848, episodic_return=4469.25, episodic_length=1000
global_step=159984, episodic_return=576.46, episodic_length=1000
global_step=160288, episodic_return=3722.99, episodic_length=1000
global_step=160336, episodic_return=1739.84, episodic_length=1000
global_step=160480, episodic_return=1865.34, episodic_length=1000
global_step=160576, episodic_return=3532.57, episodic_length=37
global_step=160704, episodic_return=3056.87, episodic_length=1000
global_step=160848, episodic_return=1392.16, episodic_length=1000
global_step=160880, episodic_return=1676.95, episodic_length=1000
global_step=160944, episodic_return=2127.78, episodic_length=1000
global_step=160976, episodic_return=2110.17, episodic_length=31
global_step=161248, episodic_return=1875.91, episodic_length=1000
global_step=161264, episodic_return=1870.78, episodic_length=26
global_step=161360, episodic_return=534.95, episodic_length=1000
global_step=161472, episodic_return=3237.05, episodic_length=31
global_step=161520, episodic_return=3279.20, episodic_length=40
global_step=161616, episodic_return=598.59, episodic_length=1000
global_step=161792, episodic_return=-4065.59, episodic_length=1000
global_step=166832, episodic_return=-607.18, episodic_length=1000
global_step=168064, episodic_return=1451.65, episodic_length=1000
global_step=169808, episodic_return=339.13, episodic_length=1000
global_step=170848, episodic_return=393.91, episodic_length=1000
global_step=176288, episodic_return=1115.28, episodic_length=1000
global_step=176336, episodic_return=1696.27, episodic_length=1000
global_step=176576, episodic_return=818.31, episodic_length=1000
global_step=176704, episodic_return=339.06, episodic_length=1000
global_step=176944, episodic_return=204.47, episodic_length=1000
global_step=176992, episodic_return=3641.47, episodic_length=44
global_step=177104, episodic_return=4650.20, episodic_length=48
global_step=177248, episodic_return=3118.00, episodic_length=1000
global_step=177264, episodic_return=1356.11, episodic_length=1000
global_step=177360, episodic_return=4096.04, episodic_length=1000
global_step=177472, episodic_return=1274.69, episodic_length=1000
global_step=177520, episodic_return=1029.88, episodic_length=1000
global_step=177616, episodic_return=2629.96, episodic_length=1000
global_step=177664, episodic_return=3517.58, episodic_length=42
global_step=177680, episodic_return=2260.51, episodic_length=27
global_step=177792, episodic_return=4023.57, episodic_length=1000
global_step=178080, episodic_return=3543.07, episodic_length=45
global_step=178080, episodic_return=1761.87, episodic_length=26
global_step=182832, episodic_return=966.43, episodic_length=1000
global_step=184064, episodic_return=4948.16, episodic_length=1000
global_step=185808, episodic_return=3149.03, episodic_length=1000
global_step=186848, episodic_return=817.44, episodic_length=1000
global_step=192576, episodic_return=1528.18, episodic_length=1000
global_step=192704, episodic_return=4043.46, episodic_length=1000
global_step=192944, episodic_return=1439.13, episodic_length=1000
global_step=193104, episodic_return=2367.87, episodic_length=1000
global_step=193264, episodic_return=1985.09, episodic_length=1000
global_step=193472, episodic_return=2106.52, episodic_length=1000
global_step=193520, episodic_return=1936.31, episodic_length=1000
global_step=193616, episodic_return=2977.13, episodic_length=1000
global_step=193680, episodic_return=854.98, episodic_length=1000
global_step=193792, episodic_return=2530.45, episodic_length=1000
global_step=194048, episodic_return=2768.26, episodic_length=33
global_step=194080, episodic_return=1866.07, episodic_length=1000
global_step=194080, episodic_return=1681.46, episodic_length=1000
global_step=194336, episodic_return=5993.20, episodic_length=45
global_step=194880, episodic_return=3740.91, episodic_length=50
global_step=198832, episodic_return=6235.51, episodic_length=1000
[CHECKPOINT] Saved at step 200000 -> checkpoints\dreamer_n16_250k\dreamer_ckpt_200000.pt
global_step=200064, episodic_return=3160.81, episodic_length=1000
global_step=200400, episodic_return=2314.82, episodic_length=21
global_step=201808, episodic_return=3094.77, episodic_length=1000
global_step=202848, episodic_return=3279.19, episodic_length=1000
global_step=208576, episodic_return=3388.04, episodic_length=1000
global_step=208704, episodic_return=3698.50, episodic_length=1000
global_step=208944, episodic_return=3079.27, episodic_length=1000
global_step=209104, episodic_return=3059.00, episodic_length=1000
global_step=209264, episodic_return=3175.04, episodic_length=1000
global_step=209472, episodic_return=2462.59, episodic_length=1000
global_step=209680, episodic_return=3690.43, episodic_length=1000
global_step=209792, episodic_return=2962.04, episodic_length=1000
global_step=210048, episodic_return=-5977.32, episodic_length=1000
global_step=210080, episodic_return=1332.86, episodic_length=1000
global_step=210336, episodic_return=5684.49, episodic_length=1000
global_step=210880, episodic_return=2113.33, episodic_length=1000
global_step=214832, episodic_return=4404.06, episodic_length=1000
global_step=216400, episodic_return=-6057.09, episodic_length=1000
global_step=217808, episodic_return=2045.57, episodic_length=1000
global_step=218848, episodic_return=3686.58, episodic_length=1000
global_step=224576, episodic_return=6118.26, episodic_length=1000
global_step=224704, episodic_return=2305.51, episodic_length=1000
global_step=224848, episodic_return=2492.02, episodic_length=17
global_step=224944, episodic_return=804.63, episodic_length=1000
global_step=225104, episodic_return=1080.75, episodic_length=1000
global_step=225264, episodic_return=1902.25, episodic_length=1000
global_step=225472, episodic_return=784.59, episodic_length=1000
global_step=225680, episodic_return=4003.88, episodic_length=1000
global_step=225728, episodic_return=2159.44, episodic_length=16
global_step=225792, episodic_return=8112.35, episodic_length=1000
global_step=226048, episodic_return=1018.32, episodic_length=1000
global_step=226080, episodic_return=9495.07, episodic_length=1000
global_step=226320, episodic_return=1792.82, episodic_length=15
global_step=226336, episodic_return=995.44, episodic_length=1000
global_step=226880, episodic_return=-8676.39, episodic_length=1000
global_step=230832, episodic_return=781.55, episodic_length=1000
global_step=232400, episodic_return=856.06, episodic_length=1000
global_step=233808, episodic_return=-9537.52, episodic_length=1000
global_step=234848, episodic_return=3984.47, episodic_length=1000
global_step=240704, episodic_return=784.62, episodic_length=1000
global_step=240848, episodic_return=120.68, episodic_length=1000
global_step=240944, episodic_return=-412.26, episodic_length=1000
global_step=241104, episodic_return=6411.08, episodic_length=1000
global_step=241264, episodic_return=5244.42, episodic_length=1000
global_step=241680, episodic_return=461.93, episodic_length=1000
global_step=241728, episodic_return=9617.73, episodic_length=1000
global_step=241792, episodic_return=-271.42, episodic_length=1000
global_step=242048, episodic_return=1117.97, episodic_length=1000
global_step=242320, episodic_return=-553.73, episodic_length=1000
global_step=242336, episodic_return=106.61, episodic_length=1000
global_step=242848, episodic_return=2393.80, episodic_length=33
global_step=242880, episodic_return=432.78, episodic_length=1000
global_step=246832, episodic_return=1801.49, episodic_length=1000
global_step=248400, episodic_return=3258.12, episodic_length=1000
global_step=249808, episodic_return=3773.91, episodic_length=1000
[CHECKPOINT] Saved at step 250000 -> checkpoints\dreamer_n16_250k\dreamer_ckpt_250000.pt
[CHECKPOINT] Saved at step 250000 -> checkpoints\dreamer_n16_250k\dreamer_ckpt_250000.pt
Training completed. Total steps: 250000
