Using device: cpu
D:\mujoco-walker\.venv\lib\site-packages\gymnasium\core.py:311: UserWarning: [33mWARN: env.single_observation_space to get variables from other wrappers is deprecated and will be removed in v1.0, to get this variable you can do `env.unwrapped.single_observation_space` for environment variables or `env.get_wrapper_attr('single_observation_space')` that will search the reminding wrappers.[0m
  logger.warn(
D:\mujoco-walker\.venv\lib\site-packages\gymnasium\core.py:311: UserWarning: [33mWARN: env.single_action_space to get variables from other wrappers is deprecated and will be removed in v1.0, to get this variable you can do `env.unwrapped.single_action_space` for environment variables or `env.get_wrapper_attr('single_action_space')` that will search the reminding wrappers.[0m
  logger.warn(
D:\mujoco-walker\.venv\lib\site-packages\gymnasium\core.py:311: UserWarning: [33mWARN: env.single_observation_space to get variables from other wrappers is deprecated and will be removed in v1.0, to get this variable you can do `env.unwrapped.single_observation_space` for environment variables or `env.get_wrapper_attr('single_observation_space')` that will search the reminding wrappers.[0m
  logger.warn(
D:\mujoco-walker\.venv\lib\site-packages\gymnasium\core.py:311: UserWarning: [33mWARN: env.single_action_space to get variables from other wrappers is deprecated and will be removed in v1.0, to get this variable you can do `env.unwrapped.single_action_space` for environment variables or `env.get_wrapper_attr('single_action_space')` that will search the reminding wrappers.[0m
  logger.warn(
2026/10/01 13:28:51 INFO mlflow.store.db.utils: Creating initial MLflow database tables...
2026/10/01 13:28:51 INFO mlflow.store.db.utils: Updating database tables
INFO  [alembic.runtime.migration] Context impl SQLiteImpl.
INFO  [alembic.runtime.migration] Will assume non-transactional DDL.
[MLFLOW] Tracking desabilitado (Can't locate revision identified by '1bd49d398cd23').
global_step=336, episodic_return=1662.38, episodic_length=22
global_step=384, episodic_return=2234.72, episodic_length=25
global_step=384, episodic_return=1996.73, episodic_length=25
global_step=448, episodic_return=2805.64, episodic_length=29
global_step=480, episodic_return=3416.94, episodic_length=31
global_step=512, episodic_return=3157.75, episodic_length=33
global_step=528, episodic_return=2913.94, episodic_length=34
global_step=560, episodic_return=3528.23, episodic_length=36
global_step=576, episodic_return=3550.83, episodic_length=37
global_step=576, episodic_return=3004.53, episodic_length=37
global_step=592, episodic_return=4036.83, episodic_length=38
global_step=592, episodic_return=3438.50, episodic_length=38
global_step=592, episodic_return=3726.94, episodic_length=38
global_step=656, episodic_return=4752.25, episodic_length=42
global_step=720, episodic_return=1716.92, episodic_length=21
global_step=784, episodic_return=4761.63, episodic_length=50
global_step=848, episodic_return=1431.76, episodic_length=21
global_step=864, episodic_return=1915.10, episodic_length=24
global_step=896, episodic_return=1380.93, episodic_length=20
global_step=944, episodic_return=1268.25, episodic_length=18
global_step=944, episodic_return=3119.03, episodic_length=38
global_step=1008, episodic_return=3410.03, episodic_length=39
global_step=1056, episodic_return=3167.87, episodic_length=30
global_step=1168, episodic_return=4178.04, episodic_length=38
global_step=1168, episodic_return=2470.06, episodic_length=36
global_step=1168, episodic_return=3733.77, episodic_length=36
global_step=1168, episodic_return=4526.64, episodic_length=40
global_step=1184, episodic_return=1891.48, episodic_length=25
global_step=1216, episodic_return=3283.20, episodic_length=48
global_step=1232, episodic_return=3299.88, episodic_length=40
global_step=1280, episodic_return=4853.92, episodic_length=81
global_step=1296, episodic_return=3095.89, episodic_length=27
global_step=1328, episodic_return=1888.06, episodic_length=20
global_step=1328, episodic_return=1751.37, episodic_length=24
global_step=1360, episodic_return=1961.30, episodic_length=26
global_step=1392, episodic_return=3707.25, episodic_length=31
global_step=1424, episodic_return=2278.80, episodic_length=36
global_step=1424, episodic_return=4547.15, episodic_length=44
global_step=1536, episodic_return=1472.56, episodic_length=23
global_step=1568, episodic_return=2519.91, episodic_length=25
global_step=1568, episodic_return=1569.42, episodic_length=22
global_step=1648, episodic_return=3532.72, episodic_length=30
global_step=1664, episodic_return=2226.85, episodic_length=21
global_step=1680, episodic_return=3708.37, episodic_length=39
global_step=1680, episodic_return=3050.12, episodic_length=31
global_step=1696, episodic_return=2081.13, episodic_length=17
global_step=1712, episodic_return=2536.50, episodic_length=22
global_step=1728, episodic_return=3263.29, episodic_length=27
global_step=1760, episodic_return=3120.71, episodic_length=23
global_step=1776, episodic_return=3603.09, episodic_length=28
global_step=1792, episodic_return=1826.73, episodic_length=14
global_step=1824, episodic_return=1544.11, episodic_length=16
global_step=1824, episodic_return=2120.08, episodic_length=18
global_step=1872, episodic_return=5347.42, episodic_length=44
global_step=1888, episodic_return=1924.78, episodic_length=15
global_step=1904, episodic_return=4757.37, episodic_length=42
global_step=1904, episodic_return=4366.72, episodic_length=39
global_step=1920, episodic_return=1793.26, episodic_length=16
global_step=1952, episodic_return=2158.14, episodic_length=17
global_step=1968, episodic_return=2571.24, episodic_length=18
global_step=2000, episodic_return=2065.60, episodic_length=14
global_step=2000, episodic_return=3009.14, episodic_length=19
global_step=2016, episodic_return=1691.19, episodic_length=12
global_step=2016, episodic_return=2617.66, episodic_length=19
global_step=2032, episodic_return=2550.17, episodic_length=19
global_step=2032, episodic_return=2127.50, episodic_length=15
global_step=2048, episodic_return=1535.36, episodic_length=11
global_step=2048, episodic_return=1885.77, episodic_length=14
global_step=2064, episodic_return=2694.44, episodic_length=19
global_step=2080, episodic_return=1605.39, episodic_length=12
global_step=2096, episodic_return=1483.33, episodic_length=12
global_step=2128, episodic_return=1473.52, episodic_length=14
global_step=2160, episodic_return=1470.91, episodic_length=15
global_step=2176, episodic_return=1389.45, episodic_length=13
global_step=2176, episodic_return=6261.20, episodic_length=47
global_step=2192, episodic_return=1386.68, episodic_length=12
global_step=2240, episodic_return=1099.62, episodic_length=10
global_step=2240, episodic_return=1783.06, episodic_length=15
global_step=2240, episodic_return=1554.85, episodic_length=12
global_step=2256, episodic_return=1359.40, episodic_length=13
global_step=2256, episodic_return=1713.80, episodic_length=15
global_step=2272, episodic_return=1244.92, episodic_length=11
global_step=2272, episodic_return=1728.96, episodic_length=15
global_step=2272, episodic_return=1766.29, episodic_length=16
global_step=2272, episodic_return=1558.01, episodic_length=13
global_step=2288, episodic_return=1643.00, episodic_length=16
global_step=2304, episodic_return=1600.61, episodic_length=22
global_step=2400, episodic_return=1256.17, episodic_length=14
global_step=2400, episodic_return=1507.59, episodic_length=13
global_step=2400, episodic_return=1679.24, episodic_length=17
global_step=2400, episodic_return=1517.78, episodic_length=14
global_step=2432, episodic_return=1701.29, episodic_length=17
global_step=2464, episodic_return=1452.59, episodic_length=14
global_step=2464, episodic_return=1538.65, episodic_length=13
global_step=2480, episodic_return=1498.91, episodic_length=15
global_step=2480, episodic_return=1540.72, episodic_length=13
global_step=2496, episodic_return=1645.57, episodic_length=15
global_step=2496, episodic_return=1561.54, episodic_length=16
global_step=2528, episodic_return=1485.14, episodic_length=14
global_step=2544, episodic_return=1470.08, episodic_length=17
global_step=2560, episodic_return=1617.70, episodic_length=17
global_step=2560, episodic_return=1768.52, episodic_length=18
global_step=2560, episodic_return=1728.57, episodic_length=18
global_step=2736, episodic_return=1757.74, episodic_length=21
global_step=2752, episodic_return=2062.21, episodic_length=16
global_step=2784, episodic_return=1530.84, episodic_length=24
global_step=2800, episodic_return=3082.67, episodic_length=19
global_step=2816, episodic_return=2706.81, episodic_length=21
global_step=2864, episodic_return=1263.38, episodic_length=29
global_step=2880, episodic_return=1575.97, episodic_length=30
global_step=3008, episodic_return=3579.19, episodic_length=29
global_step=3024, episodic_return=2146.31, episodic_length=18
global_step=3056, episodic_return=3508.67, episodic_length=31
global_step=3088, episodic_return=3893.12, episodic_length=35
global_step=3104, episodic_return=1278.45, episodic_length=15
global_step=3136, episodic_return=2812.01, episodic_length=42
global_step=3232, episodic_return=3923.15, episodic_length=42
global_step=3280, episodic_return=3845.49, episodic_length=33
global_step=3280, episodic_return=3225.48, episodic_length=30
global_step=3296, episodic_return=6648.86, episodic_length=46
global_step=3392, episodic_return=1869.67, episodic_length=23
global_step=3408, episodic_return=3869.35, episodic_length=37
global_step=3440, episodic_return=1758.12, episodic_length=21
global_step=3440, episodic_return=2546.19, episodic_length=24
global_step=3472, episodic_return=4194.45, episodic_length=43
global_step=3488, episodic_return=2414.49, episodic_length=25
global_step=3616, episodic_return=3839.94, episodic_length=46
global_step=3632, episodic_return=2328.13, episodic_length=21
global_step=3664, episodic_return=1734.55, episodic_length=24
global_step=3696, episodic_return=1847.39, episodic_length=35
global_step=3696, episodic_return=2683.79, episodic_length=43
global_step=3824, episodic_return=5092.82, episodic_length=87
global_step=3904, episodic_return=1056.00, episodic_length=15
global_step=3936, episodic_return=3558.13, episodic_length=28
global_step=3952, episodic_return=7167.94, episodic_length=92
global_step=3952, episodic_return=7622.99, episodic_length=93
global_step=4048, episodic_return=2129.25, episodic_length=51
global_step=4080, episodic_return=2264.81, episodic_length=24
global_step=4096, episodic_return=1492.89, episodic_length=25
global_step=4096, episodic_return=2378.44, episodic_length=29
global_step=4128, episodic_return=877.20, episodic_length=19
global_step=4128, episodic_return=3683.93, episodic_length=45
global_step=4224, episodic_return=4040.94, episodic_length=52
global_step=4272, episodic_return=4412.70, episodic_length=50
global_step=4496, episodic_return=4681.58, episodic_length=55
global_step=4576, episodic_return=2197.24, episodic_length=30
global_step=4576, episodic_return=2740.43, episodic_length=39
global_step=4592, episodic_return=8443.20, episodic_length=72
global_step=4592, episodic_return=3810.04, episodic_length=72
global_step=4608, episodic_return=5069.75, episodic_length=44
global_step=4704, episodic_return=8493.75, episodic_length=89
global_step=4720, episodic_return=5731.04, episodic_length=48
global_step=4720, episodic_return=5582.71, episodic_length=49
global_step=4768, episodic_return=4210.07, episodic_length=45
global_step=4816, episodic_return=5459.68, episodic_length=46
global_step=4832, episodic_return=5984.68, episodic_length=44
global_step=4864, episodic_return=4640.43, episodic_length=37
global_step=4864, episodic_return=7028.35, episodic_length=46
global_step=4864, episodic_return=2278.35, episodic_length=40
global_step=4880, episodic_return=1894.65, episodic_length=24
global_step=4944, episodic_return=5522.86, episodic_length=53
global_step=5056, episodic_return=1682.54, episodic_length=21
global_step=5088, episodic_return=3079.94, episodic_length=32
global_step=5200, episodic_return=1883.67, episodic_length=38
global_step=5232, episodic_return=1992.11, episodic_length=23
global_step=5264, episodic_return=2622.42, episodic_length=24
global_step=5280, episodic_return=3922.40, episodic_length=44
global_step=5312, episodic_return=2878.62, episodic_length=30
global_step=5360, episodic_return=3636.38, episodic_length=48
global_step=5408, episodic_return=1840.28, episodic_length=22
global_step=5424, episodic_return=2934.09, episodic_length=35
global_step=5488, episodic_return=1146.75, episodic_length=18
global_step=5504, episodic_return=3309.89, episodic_length=50
global_step=5520, episodic_return=4957.00, episodic_length=44
global_step=5616, episodic_return=4263.72, episodic_length=63
global_step=5632, episodic_return=4648.53, episodic_length=48
global_step=5632, episodic_return=4363.02, episodic_length=43
global_step=5680, episodic_return=1665.57, episodic_length=20
global_step=5728, episodic_return=8102.41, episodic_length=60
global_step=5728, episodic_return=1610.08, episodic_length=19
global_step=5744, episodic_return=2568.43, episodic_length=30
global_step=5760, episodic_return=5938.84, episodic_length=42
global_step=5904, episodic_return=10800.01, episodic_length=74
global_step=5952, episodic_return=3488.70, episodic_length=29
D:\mujoco-walker\.venv\lib\site-packages\gymnasium\core.py:311: UserWarning: [33mWARN: env.obs_rms to get variables from other wrappers is deprecated and will be removed in v1.0, to get this variable you can do `env.unwrapped.obs_rms` for environment variables or `env.get_wrapper_attr('obs_rms')` that will search the reminding wrappers.[0m
  logger.warn(
[CHECKPOINT] Saved at step 6000 -> checkpoints\redq_evidence\redq_ckpt_6000.pt
Training completed. Total steps: 6000
REDQ exit=0
